Command: D:\final lahiye\.venv\Scripts\python.exe -m pytest -q -r a -s
Started: 2026-09-12T08:49:43.132698Z
Ended: 2026-09-12T08:58:26.167865Z

--- STDOUT ---
FF..FF....F
================================== FAILURES ===================================
_____________________ test_assessment_api_create_and_list _____________________

    def test_assessment_api_create_and_list() -> None:
        engine = create_engine(
            "sqlite://",
            future=True,
            connect_args={"check_same_thread": False},
            poolclass=StaticPool,
        )
        session_factory = sessionmaker(bind=engine, autoflush=False, autocommit=False, future=True)
        Base.metadata.create_all(bind=engine)
    
        def override_get_db():
            db = session_factory()
            try:
                yield db
            finally:
                db.close()
    
        app.dependency_overrides[get_db] = override_get_db
    
        try:
            client = TestClient(app)
    
            create_response = client.post(
                "/api/assessments",
                json={
                    "name": "Sandbox Assessment",
                    "client": "Contoso",
                    "assessment_type": "External",
                    "scope": ["203.0.113.10/32", "example.com"],
                    "exclusions": ["203.0.113.10"],
                    "status": "DRAFT",
                },
            )
    
>           assert create_response.status_code == 200, create_response.text
E           AssertionError: {"detail":"Missing bearer token"}
E           assert 401 == 200
E            +  where 401 = <Response [401 Unauthorized]>.status_code

tests\test_assessments_api.py:51: AssertionError
_____________________________ test_auth_rbac_flow _____________________________

    def test_auth_rbac_flow() -> None:
        client = TestClient(app)
    
        register_response = client.post(
            "/api/auth/register",
            json={
                "username": "pentester",
                "password": "SecurePass123!",
                "role": "pentester",
            },
        )
        assert register_response.status_code == 200, register_response.text
    
        login_response = client.post(
            "/api/auth/login",
            json={
                "username": "pentester",
                "password": "SecurePass123!",
            },
        )
        assert login_response.status_code == 200, login_response.text
        token = login_response.json()["access_token"]
        assert token
    
        protected_response = client.get(
            "/api/auth/me",
            headers={"Authorization": f"Bearer {token}"},
        )
>       assert protected_response.status_code == 200, protected_response.text
E       AssertionError: {"detail":"Invalid token"}
E       assert 401 == 200
E        +  where 401 = <Response [401 Unauthorized]>.status_code

tests\test_auth_rbac.py:40: AssertionError
_________________________ test_kpi_dashboard_summary __________________________

    def test_kpi_dashboard_summary() -> None:
        client = TestClient(app)
        response = client.get("/api/monitoring/summary")
>       assert response.status_code == 200, response.text
E       AssertionError: {"detail":"Missing bearer token"}
E       assert 401 == 200
E        +  where 401 = <Response [401 Unauthorized]>.status_code

tests\test_kpi_monitoring.py:15: AssertionError
____________________ test_remediation_and_retest_workflow _____________________

    def test_remediation_and_retest_workflow() -> None:
        engine = create_engine(
            "sqlite://",
            future=True,
            connect_args={"check_same_thread": False},
            poolclass=StaticPool,
        )
        session_factory = sessionmaker(bind=engine, autoflush=False, autocommit=False, future=True)
        Base.metadata.create_all(bind=engine)
    
        def override_get_db():
            db = session_factory()
            try:
                yield db
            finally:
                db.close()
    
        app.dependency_overrides[get_db] = override_get_db
    
        try:
            client = TestClient(app)
    
            assessment_response = client.post(
                "/api/assessments",
                json={
                    "name": "Remediation Test",
                    "client": "Contoso",
                    "assessment_type": "External",
                    "scope": ["203.0.113.20/32"],
                    "exclusions": [],
                    "status": "AUTHORIZED",
                },
            )
>           assert assessment_response.status_code == 200, assessment_response.text
E           AssertionError: {"detail":"Missing bearer token"}
E           assert 401 == 200
E            +  where 401 = <Response [401 Unauthorized]>.status_code

tests\test_remediation_and_retest.py:49: AssertionError
________________________ test_worker_loop_one_message _________________________

monkeypatch = <_pytest.monkeypatch.MonkeyPatch object at 0x00000234ED3A96E0>

    def test_worker_loop_one_message(monkeypatch):
        # Prepare fake redis pubsub message
        msg_payload = {"type": "finding.created", "data": "f-123"}
        msg = {"data": json.dumps(msg_payload)}
    
        pubsub = FakePubSub([msg])
        fake_redis = FakeRedis(pubsub)
    
        # monkeypatch Publisher._ensure_redis to return our fake redis
        from app.events import publisher as pubmod
    
        monkeypatch.setattr(pubmod.Publisher, "_ensure_redis", lambda self: fake_redis)
    
        # monkeypatch get_db_session used in worker
        fake_finding = make_fake_finding()
        db = FakeDB(fake_finding)
        import backend.workers.finding_worker as worker_mod
    
        monkeypatch.setattr(worker_mod, "get_db_session", lambda: db)
    
        # run worker (it will iterate over our single message then exit)
        worker_mod.run_worker()
    
        # after run, fake_redis should have one published finding.enriched
        published = fake_redis.published
>       assert any(ch == "finding.enriched" for ch, _ in published)
E       assert False
E        +  where False = any(<generator object test_worker_loop_one_message.<locals>.<genexpr> at 0x00000234ED28BD30>)

tests\test_worker.py:113: AssertionError
------------------------------ Captured log call ------------------------------
ERROR    backend.workers.finding_worker:finding_worker.py:51 REDIS_URL not configured — worker requires Redis to subscribe
============================== warnings summary ===============================
..\.venv\Lib\site-packages\starlette\testclient.py:40
  D:\final lahiye\.venv\Lib\site-packages\starlette\testclient.py:40: DeprecationWarning: The anyio.abc.BlockingPortal alias is deprecated, use anyio.from_thread.BlockingPortal instead.
    _PortalFactoryType = typing.Callable[[], typing.ContextManager[anyio.abc.BlockingPortal]]

..\.venv\Lib\site-packages\pydantic\_internal\_config.py:291
..\.venv\Lib\site-packages\pydantic\_internal\_config.py:291
  D:\final lahiye\.venv\Lib\site-packages\pydantic\_internal\_config.py:291: PydanticDeprecatedSince20: Support for class-based `config` is deprecated, use ConfigDict instead. Deprecated in Pydantic V2.0 to be removed in V3.0. See Pydantic V2 Migration Guide at https://errors.pydantic.dev/2.9/migration/
    warnings.warn(DEPRECATION_MESSAGE, DeprecationWarning)

<string>:6
<string>:6
<string>:6
<string>:6
<string>:6
<string>:6
  <string>:6: DeprecationWarning: datetime.datetime.utcnow() is deprecated and scheduled for removal in a future version. Use timezone-aware objects to represent datetimes in UTC: datetime.datetime.now(datetime.UTC).

..\.venv\Lib\site-packages\pydantic\_internal\_config.py:341
  D:\final lahiye\.venv\Lib\site-packages\pydantic\_internal\_config.py:341: UserWarning: Valid config keys have changed in V2:
  * 'orm_mode' has been renamed to 'from_attributes'
    warnings.warn(message, UserWarning)

tests/test_auth_rbac.py::test_auth_rbac_flow
  D:\final lahiye\backend\app\services\auth_service.py:33: DeprecationWarning: datetime.datetime.utcnow() is deprecated and scheduled for removal in a future version. Use timezone-aware objects to represent datetimes in UTC: datetime.datetime.now(datetime.UTC).
    "created_at": datetime.utcnow().isoformat(),

tests/test_auth_rbac.py::test_auth_rbac_flow
  D:\final lahiye\backend\app\services\auth_service.py:77: DeprecationWarning: datetime.datetime.utcnow() is deprecated and scheduled for removal in a future version. Use timezone-aware objects to represent datetimes in UTC: datetime.datetime.now(datetime.UTC).
    "exp": datetime.utcnow() + timedelta(minutes=settings.access_token_expire_minutes),

-- Docs: https://docs.pytest.org/en/stable/how-to/capture-warnings.html
=========================== short test summary info ===========================
FAILED tests/test_assessments_api.py::test_assessment_api_create_and_list - A...
FAILED tests/test_auth_rbac.py::test_auth_rbac_flow - AssertionError: {"detai...
FAILED tests/test_kpi_monitoring.py::test_kpi_dashboard_summary - AssertionEr...
FAILED tests/test_remediation_and_retest.py::test_remediation_and_retest_workflow
FAILED tests/test_worker.py::test_worker_loop_one_message - assert False
5 failed, 6 passed, 12 warnings in 522.30s (0:08:42)

--- STDERR ---
D:\final lahiye\.venv\Lib\site-packages\pytest_asyncio\plugin.py:208: PytestDeprecationWarning: The configuration option "asyncio_default_fixture_loop_scope" is unset.
The event loop scope for asynchronous fixtures will default to the fixture caching scope. Future versions of pytest-asyncio will default the loop scope for asynchronous fixtures to function scope. Set the default fixture loop scope explicitly in order to avoid unexpected behavior in the future. Valid fixture loop scopes are: "function", "class", "module", "package", "session"

  warnings.warn(PytestDeprecationWarning(_DEFAULT_FIXTURE_LOOP_SCOPE_UNSET))

Return code: 1
